Step 1 of 6: News
News: 148 articles checked, 3 new.
Step 2 of 6: Macro data (FRED and BLS)
  Motor vehicle insurance prices: 114 months, latest 2026-08-01
  Motor vehicle maintenance & repair prices: 715 months, latest 2026-08-01
  Motor vehicle parts & equipment prices: 427 months, latest 2026-08-01
  Used car & truck prices: 884 months, latest 2026-08-01
  Vehicle miles traveled, 12-month total: 668 months, latest 2026-07-01
Step 3 of 6: SEC filings
SEC: company releases
  PGR: checking 14 recent releases
  RBA: checking 6 recent releases
  CPRT: checking 6 recent releases
  95 release snippets, 11 Progressive months parsed
SEC: full-text search
  full-text "total loss frequency": 10 filings
  full-text "salvage" "Copart": 16 filings
  full-text "automotive pricing incentives": 1 filings
  full-text "total loss" "salvage vendor": 0 filings
SEC: DOJ disclosure tracker
  DOJ disclosure: wording changed in 10-Q 2025-11-24, 10-Q 2026-03-03 across 8 filings
Step 4 of 6: Copart scan
Copart scan: all listed lots (1 of 2)
  428,288 lots across 380 yards
Copart scan: lots added in the last 7 days (2 of 2)
  52,954 lots across 214 yards
Step 5 of 6: Saved Copart & IAA pages
Capturing copart [GA] (1 of 2)
  20 lots (12 with seller names)
Capturing copart [FL] (2 of 2)
  20 lots (19 with seller names)
Automatic capture finished: 40 lots from 2 pages.
Step 6 of 6: Analysis & report
Traceback (most recent call last):
  File "/Users/kaiyuanli/projects/cprt-console/.venv/lib/python3.13/site-packages/pandas/core/indexes/base.py", line 3641, in get_loc
    return self._engine.get_loc(casted_key)
           ~~~~~~~~~~~~~~~~~~~~^^^^^^^^^^^^
  File "pandas/_libs/index.pyx", line 168, in pandas._libs.index.IndexEngine.get_loc
  File "pandas/_libs/index.pyx", line 197, in pandas._libs.index.IndexEngine.get_loc
  File "pandas/_libs/hashtable_class_helper.pxi", line 7668, in pandas._libs.hashtable.PyObjectHashTable.get_item
  File "pandas/_libs/hashtable_class_helper.pxi", line 7676, in pandas._libs.hashtable.PyObjectHashTable.get_item
KeyError: 'platform'

The above exception was the direct cause of the following exception:

Traceback (most recent call last):
  File "/Users/kaiyuanli/projects/cprt-console/cli.py", line 70, in main
    result = weekly.run(s, progress, include_capture=False if args.skip_capture else None)
  File "/Users/kaiyuanli/projects/cprt-console/cprt/weekly.py", line 197, in run
    snap, changes = current(s)
                    ~~~~~~~^^^
  File "/Users/kaiyuanli/projects/cprt-console/cprt/weekly.py", line 145, in current
    snap = snapshot(s)
  File "/Users/kaiyuanli/projects/cprt-console/cprt/weekly.py", line 27, in snapshot
    "tracker": tracker.metrics(s),
               ~~~~~~~~~~~~~~~^^^
  File "/Users/kaiyuanli/projects/cprt-console/cprt/tracker.py", line 137, in metrics
    "overall": _split_record(int((ins["platform"] == "copart").sum()), int((ins["platform"] == "iaa").sum())),
                                  ~~~^^^^^^^^^^^^
  File "/Users/kaiyuanli/projects/cprt-console/.venv/lib/python3.13/site-packages/pandas/core/frame.py", line 4378, in __getitem__
    indexer = self.columns.get_loc(key)
  File "/Users/kaiyuanli/projects/cprt-console/.venv/lib/python3.13/site-packages/pandas/core/indexes/base.py", line 3648, in get_loc
    raise KeyError(key) from err
KeyError: 'platform'
Failed: 'platform'
